// Jest Snapshot v1, https://goo.gl/fbAQLP

exports[`Unit test for CustomChart Component Renders with default props and styles 1`] = `[Function]`;
